// Jest Snapshot v1, https://goo.gl/fbAQLP

exports[`<Form> renders without issues 1`] = `
<Formik
  enableReinitialize={false}
  handleSubmit={[Function]}
  initialValues={
    Object {
      "amount": "",
      "description": "",
    }
  }
  isInitialValid={false}
  onBack={[Function]}
  onSubmit={[Function]}
  render={[Function]}
  title="Crédito"
  validateOnBlur={true}
  validateOnChange={true}
  validationSchema={[Function]}
/>
`;
